Collecting Flask==3.1.0
  Downloading flask-3.1.0-py3-none-any.whl (103 kB)
Collecting Flask-Login==0.6.3
  Downloading Flask_Login-0.6.3-py3-none-any.whl (18 kB)
Collecting Flask-SQLAlchemy==3.1.1
  Downloading flask_sqlalchemy-3.1.1-py3-none-any.whl (25 kB)
Collecting python-dotenv==1.0.1
  Downloading python_dotenv-1.0.1-py3-none-any.whl (20 kB)
Collecting bcrypt==4.2.1
  Downloading bcrypt-4.2.1-cp39-abi3-win_amd64.whl (64 kB)
Collecting requests>=2.28.0
  Downloading requests-2.32.3-py3-none-any.whl (63 kB)
Collecting Pillow>=10.0.0
  Downloading pillow-11.0.0-cp312-cp312-win_amd64.whl (4.4 MB)
Collecting pymysql>=1.1
  Downloading PyMySQL-1.1.1-py3-none-any.whl (44 kB)
Collecting Werkzeug>=3.1
  Downloading werkzeug-3.1.3-py3-none-any.whl (224 kB)
Collecting itsdangerous>=2.2.0
  Downloading itsdangerous-2.2.1-py3-none-any.whl (15 kB)
Collecting click>=8.1.7
  Downloading click-8.1.8-py3-none-any.whl (103 kB)
Collecting blinker>=1.9.0
  Downloading blinker-1.9.0-py3-none-any.whl (8.2 kB)
Collecting MarkupSafe>=3.0.2
  Downloading markupsafe-3.0.2-cp312-cp312-win_amd64.whl (21 kB)
Collecting typing-extensions>=4.0.0
  Downloading typing_extensions-4.12.2-py3-none-any.whl (34 kB)
Collecting charset-normalizer>=3.0
  Downloading charset_normalizer-3.4.1-cp312-cp312-win_amd64.whl (150 kB)
Collecting idna>=3.7
  Downloading idna-3.10-py3-none-any.whl (70 kB)
Collecting certifi>=2017.4.17
  Downloading certifi-2025.1.31-py3-none-any.whl (166 kB)
Collecting urllib3>=1.26.18
  Downloading urllib3-2.3.0-py3-none-any.whl (127 kB)
Installing collected packages: urllib3, typing-extensions, MarkupSafe, itsdangerous, idna, click, blinker, bcrypt, Pillow, pymysql, python-dotenv, MarkupSafe, Werkzeug, Flask-SQLAlchemy, Flask-Login, Flask, charset-normalizer, certifi
Successfully installed Flask-3.1.0 Flask-SQLAlchemy-3.1.1 Flask-Login-0.6.3 MarkupSafe-3.0.2 Pillow-11.0.0 Werkzeug-3.1.3 bcrypt-4.2.1 certifi-2025.1.31 charset-normalizer-3.4.1 click-8.1.8 idna-3.10 itsdangerous-2.2.1 pymysql-1.1.1 python-dotenv-1.0.1 typing-extensions-4.12.2 urllib3-2.3.0
